// Jest Snapshot v1, https://goo.gl/fbAQLP

exports[`<AbsencesList/> should be defined and match snapshot 1`] = `
<body>
  <div>
    <div
      class="makeStyles-root-1"
    >
      <div
        class="MuiCircularProgress-root MuiCircularProgress-colorPrimary MuiCircularProgress-indeterminate"
        role="progressbar"
        style="width: 80px; height: 80px;"
      >
        <svg
          class="MuiCircularProgress-svg"
          viewBox="22 22 44 44"
        >
          <circle
            class="MuiCircularProgress-circle MuiCircularProgress-circleIndeterminate"
            cx="44"
            cy="44"
            fill="none"
            r="20.2"
            stroke-width="3.6"
          />
        </svg>
      </div>
    </div>
  </div>
</body>
`;
