// Jest Snapshot v1, https://goo.gl/fbAQLP

exports[`<App/> should be defined and match snapshot 1`] = `
<body>
  <div>
    <div>
      <nav
        class="makeStyles-root-1"
      >
        <a
          class="makeStyles-barItem-2"
          href="/absences"
        >
          absences
        </a>
        <a
          class="makeStyles-barItem-2"
          href="/members"
        >
          members
        </a>
      </nav>
      <div
        class="makeStyles-root-3"
      >
        <div
          class="MuiCircularProgress-root MuiCircularProgress-colorPrimary MuiCircularProgress-indeterminate"
          role="progressbar"
          style="width: 80px; height: 80px;"
        >
          <svg
            class="MuiCircularProgress-svg"
            viewBox="22 22 44 44"
          >
            <circle
              class="MuiCircularProgress-circle MuiCircularProgress-circleIndeterminate"
              cx="44"
              cy="44"
              fill="none"
              r="20.2"
              stroke-width="3.6"
            />
          </svg>
        </div>
      </div>
    </div>
  </div>
</body>
`;
